09:34:03 **** Incremental Build of configuration Debug for project P4_Driver ****
Info: Internal Builder is used for build
arm-atollic-eabi-gcc -c -mthumb -mcpu=cortex-m4 -mfloat-abi=hard -mfpu=fpv4-sp-d16 -std=gnu11 -DUSE_HAL_DRIVER -DSTM32F429xx -I../Core/Inc -I../Drivers/STM32F4xx_HAL_Driver/Inc -I../Drivers/STM32F4xx_HAL_Driver/Inc/Legacy -I../Middlewares/Third_Party/FreeRTOS/Source/include -I../Middlewares/Third_Party/FreeRTOS/Source/CMSIS_RTOS_V2 -I../Middlewares/Third_Party/FreeRTOS/Source/portable/GCC/ARM_CM4F -I../Drivers/CMSIS/Device/ST/STM32F4xx/Include -I../Drivers/CMSIS/Include -ffunction-sections -fdata-sections -g -fstack-usage -Wall -specs=nano.specs -o Core/Src/main.o ../Core/Src/main.c 
arm-atollic-eabi-gcc -o P4_Driver.elf Core/Src/driverFunc.o Core/Src/freertos.o Core/Src/main.o Core/Src/stm32f4xx_hal_msp.o Core/Src/stm32f4xx_hal_timebase_tim.o Core/Src/stm32f4xx_it.o Core/Src/syscalls.o Core/Src/system_stm32f4xx.o Core/Src/uart7_com.o Drivers/STM32F4xx_HAL_Driver/Src/stm32f4xx_hal.o Drivers/STM32F4xx_HAL_Driver/Src/stm32f4xx_hal_cortex.o Drivers/STM32F4xx_HAL_Driver/Src/stm32f4xx_hal_dac.o Drivers/STM32F4xx_HAL_Driver/Src/stm32f4xx_hal_dac_ex.o Drivers/STM32F4xx_HAL_Driver/Src/stm32f4xx_hal_dma.o Drivers/STM32F4xx_HAL_Driver/Src/stm32f4xx_hal_dma_ex.o Drivers/STM32F4xx_HAL_Driver/Src/stm32f4xx_hal_eth.o Drivers/STM32F4xx_HAL_Driver/Src/stm32f4xx_hal_exti.o Drivers/STM32F4xx_HAL_Driver/Src/stm32f4xx_hal_flash.o Drivers/STM32F4xx_HAL_Driver/Src/stm32f4xx_hal_flash_ex.o Drivers/STM32F4xx_HAL_Driver/Src/stm32f4xx_hal_flash_ramfunc.o Drivers/STM32F4xx_HAL_Driver/Src/stm32f4xx_hal_gpio.o Drivers/STM32F4xx_HAL_Driver/Src/stm32f4xx_hal_pcd.o Drivers/STM32F4xx_HAL_Driver/Src/stm32f4xx_hal_pcd_ex.o Drivers/STM32F4xx_HAL_Driver/Src/stm32f4xx_hal_pwr.o Drivers/STM32F4xx_HAL_Driver/Src/stm32f4xx_hal_pwr_ex.o Drivers/STM32F4xx_HAL_Driver/Src/stm32f4xx_hal_rcc.o Drivers/STM32F4xx_HAL_Driver/Src/stm32f4xx_hal_rcc_ex.o Drivers/STM32F4xx_HAL_Driver/Src/stm32f4xx_hal_tim.o Drivers/STM32F4xx_HAL_Driver/Src/stm32f4xx_hal_tim_ex.o Drivers/STM32F4xx_HAL_Driver/Src/stm32f4xx_hal_uart.o Drivers/STM32F4xx_HAL_Driver/Src/stm32f4xx_ll_usb.o Middlewares/Third_Party/FreeRTOS/Source/CMSIS_RTOS_V2/cmsis_os2.o Middlewares/Third_Party/FreeRTOS/Source/croutine.o Middlewares/Third_Party/FreeRTOS/Source/event_groups.o Middlewares/Third_Party/FreeRTOS/Source/list.o Middlewares/Third_Party/FreeRTOS/Source/portable/GCC/ARM_CM4F/port.o Middlewares/Third_Party/FreeRTOS/Source/portable/MemMang/heap_4.o Middlewares/Third_Party/FreeRTOS/Source/queue.o Middlewares/Third_Party/FreeRTOS/Source/stream_buffer.o Middlewares/Third_Party/FreeRTOS/Source/tasks.o Middlewares/Third_Party/FreeRTOS/Source/timers.o startup/startup_stm32f429xx.o -mthumb -mcpu=cortex-m4 -mfloat-abi=hard -mfpu=fpv4-sp-d16 -T../STM32F429ZI_FLASH.ld -specs=nosys.specs -static -Wl,-Map=P4_Driver.map -Wl,--gc-sections -Wl,--defsym=malloc_getpagesize_P=0x80 -Wl,--start-group -lc -lm -Wl,--end-group -specs=nano.specs 
/opt/Atollic_TrueSTUDIO_for_STM32_x86_64_9.3.0/ide/jre/bin/java -jar /opt/Atollic_TrueSTUDIO_for_STM32_x86_64_9.3.0/Tools/arm-atollic-reports.jar sizeinfo list P4_Driver.elf 
Generate build reports...
Print size information
   text	   data	    bss	    dec	    hex	filename
  30716	     24	  21928	  52668	   cdbc	P4_Driver.elf
Print size information done
Generate listing file
Output sent to: P4_Driver.list
Generate listing file done
Generate build reports done
arm-atollic-eabi-objcopy -O ihex P4_Driver.elf P4_Driver.hex 
Info: Parallel threads used: 1
09:36:15 **** Incremental Build of configuration Debug for project P4_Driver ****
Info: Internal Builder is used for build
Info: Parallel threads used: 0
